// Jest Snapshot v1, https://goo.gl/fbAQLP

exports[`renders correctly 1`] = `
<div
  className="sidebar"
  data-color="blue"
>
  <div
    className="logo"
  >
    <a
      className="simple-text logo-mini"
      href="https://www.creative-tim.com"
    >
      <div
        className="logo-img"
      />
    </a>
    <a
      className="simple-text logo-normal"
      href="https://www.creative-tim.com"
    >
      Creative Tim
    </a>
  </div>
  <div
    className="sidebar-wrapper"
  >
    <ul
      className="nav"
    />
  </div>
</div>
`;
